Copyright 1986-2022 Xilinx, Inc. All Rights Reserved.
---------------------------------------------------------------------------------------
| Tool Version : Vivado v.2022.2 (win64) Build 3671981 Fri Oct 14 05:00:03 MDT 2022
| Date         : Fri Feb 20 13:29:43 2026
| Host         : Ryans-Laptop running 64-bit major release  (build 9200)
| Command      : report_control_sets -verbose -file multiplier_control_sets_placed.rpt
| Design       : multiplier
| Device       : xc7s50
---------------------------------------------------------------------------------------

Control Set Information

Table of Contents
-----------------
1. Summary
2. Histogram
3. Flip-Flop Distribution
4. Detailed Control Set Information

1. Summary
----------

+----------------------------------------------------------+-------+
|                          Status                          | Count |
+----------------------------------------------------------+-------+
| Total control sets                                       |    16 |
|    Minimum number of control sets                        |    16 |
|    Addition due to synthesis replication                 |     0 |
|    Addition due to physical synthesis replication        |     0 |
| Unused register locations in slices containing registers |    22 |
+----------------------------------------------------------+-------+
* Control sets can be merged at opt_design using control_set_merge or merge_equivalent_drivers
** Run report_qor_suggestions for automated merging and remapping suggestions


2. Histogram
------------

+--------------------+-------+
|       Fanout       | Count |
+--------------------+-------+
| Total control sets |    16 |
| >= 0 to < 4        |     0 |
| >= 4 to < 6        |     1 |
| >= 6 to < 8        |     1 |
| >= 8 to < 10       |     1 |
| >= 10 to < 12      |     0 |
| >= 12 to < 14      |     0 |
| >= 14 to < 16      |     1 |
| >= 16              |    12 |
+--------------------+-------+
* Control sets can be remapped at either synth_design or opt_design


3. Flip-Flop Distribution
-------------------------

+--------------+-----------------------+------------------------+-----------------+--------------+
| Clock Enable | Synchronous Set/Reset | Asynchronous Set/Reset | Total Registers | Total Slices |
+--------------+-----------------------+------------------------+-----------------+--------------+
| No           | No                    | No                     |              31 |            7 |
| No           | No                    | Yes                    |               0 |            0 |
| No           | Yes                   | No                     |              17 |            5 |
| Yes          | No                    | No                     |              15 |            5 |
| Yes          | No                    | Yes                    |               0 |            0 |
| Yes          | Yes                   | No                     |             179 |           49 |
+--------------+-----------------------+------------------------+-----------------+--------------+


4. Detailed Control Set Information
-----------------------------------

+----------------+---------------------------------------+--------------------------------------+------------------+----------------+--------------+
|  Clock Signal  |             Enable Signal             |           Set/Reset Signal           | Slice Load Count | Bel Load Count | Bels / Slice |
+----------------+---------------------------------------+--------------------------------------+------------------+----------------+--------------+
|  clk_IBUF_BUFG | CTRL/shift                            | CTRL/count[3]_i_1_n_0                |                1 |              4 |         4.00 |
|  clk_IBUF_BUFG | CTRL/FSM_onehot_curr_state[5]_i_1_n_0 | button_sync[0]/SS[0]                 |                2 |              6 |         3.00 |
|  clk_IBUF_BUFG | CTRL/A_new                            | CTRL/FSM_onehot_curr_state_reg[1]_0  |                6 |              9 |         1.50 |
|  clk_IBUF_BUFG | CTRL/E[0]                             |                                      |                5 |             15 |         3.00 |
|  clk_IBUF_BUFG | Sin_sync[0]/counter[0]_i_2__9_n_0     | Sin_sync[0]/counter[0]_i_1__8_n_0    |                4 |             16 |         4.00 |
|  clk_IBUF_BUFG | Sin_sync[1]/counter[0]_i_2__8_n_0     | Sin_sync[1]/counter[0]_i_1__7_n_0    |                4 |             16 |         4.00 |
|  clk_IBUF_BUFG | Sin_sync[2]/counter[0]_i_2__7_n_0     | Sin_sync[2]/counter[0]_i_1__6_n_0    |                4 |             16 |         4.00 |
|  clk_IBUF_BUFG | Sin_sync[3]/counter[0]_i_2__6_n_0     | Sin_sync[3]/counter[0]_i_1__5_n_0    |                4 |             16 |         4.00 |
|  clk_IBUF_BUFG | Sin_sync[4]/counter[0]_i_2__5_n_0     | Sin_sync[4]/counter[0]_i_1__4_n_0    |                4 |             16 |         4.00 |
|  clk_IBUF_BUFG | Sin_sync[5]/counter[0]_i_2__4_n_0     | Sin_sync[5]/counter[0]_i_1__3_n_0    |                4 |             16 |         4.00 |
|  clk_IBUF_BUFG | Sin_sync[6]/counter[0]_i_2__3_n_0     | Sin_sync[6]/counter[0]_i_1__2_n_0    |                4 |             16 |         4.00 |
|  clk_IBUF_BUFG | Sin_sync[7]/counter[0]_i_2__2_n_0     | Sin_sync[7]/counter[0]_i_1__1_n_0    |                4 |             16 |         4.00 |
|  clk_IBUF_BUFG | button_sync[0]/counter[0]_i_2__1_n_0  | button_sync[0]/counter[0]_i_1__0_n_0 |                4 |             16 |         4.00 |
|  clk_IBUF_BUFG | button_sync[1]/sel                    | button_sync[1]/counter[0]_i_1_n_0    |                4 |             16 |         4.00 |
|  clk_IBUF_BUFG |                                       | reset_IBUF                           |                5 |             17 |         3.40 |
|  clk_IBUF_BUFG |                                       |                                      |                7 |             31 |         4.43 |
+----------------+---------------------------------------+--------------------------------------+------------------+----------------+--------------+


