Vivado Simulator v2022.2
Copyright 1986-1999, 2001-2022 Xilinx, Inc. All Rights Reserved.
Running: C:/Xilinx/Vivado/2022.2/bin/unwrapped/win64.o/xelab.exe --incr --debug typical --relax --mt 2 -L xil_defaultlib -L uvm -L unisims_ver -L unimacro_ver -L secureip --snapshot testbench8_behav xil_defaultlib.testbench8 xil_defaultlib.glbl -log elaborate.log 
Using 2 slave threads.
Starting static elaboration
Pass Through NonSizing Optimizer
Completed static elaboration
Starting simulation data flow analysis
WARNING: [XSIM 43-4099] "C:/Users/ryani/ECE385/lab_4/lab_4.srcs/sources_1/new/adder9.sv" Line 14. Module adder9 doesn't have a timescale but at least one module in design has a timescale.
WARNING: [XSIM 43-4099] "C:/Users/ryani/ECE385/lab_4/lab_4.srcs/sources_1/new/adder9.sv" Line 4. Module full_adder doesn't have a timescale but at least one module in design has a timescale.
WARNING: [XSIM 43-4099] "C:/Users/ryani/ECE385/lab_4/lab_4.srcs/sources_1/new/adder9.sv" Line 4. Module full_adder doesn't have a timescale but at least one module in design has a timescale.
WARNING: [XSIM 43-4099] "C:/Users/ryani/ECE385/lab_4/lab_4.srcs/sources_1/new/adder9.sv" Line 4. Module full_adder doesn't have a timescale but at least one module in design has a timescale.
WARNING: [XSIM 43-4099] "C:/Users/ryani/ECE385/lab_4/lab_4.srcs/sources_1/new/adder9.sv" Line 4. Module full_adder doesn't have a timescale but at least one module in design has a timescale.
WARNING: [XSIM 43-4099] "C:/Users/ryani/ECE385/lab_4/lab_4.srcs/sources_1/new/adder9.sv" Line 4. Module full_adder doesn't have a timescale but at least one module in design has a timescale.
WARNING: [XSIM 43-4099] "C:/Users/ryani/ECE385/lab_4/lab_4.srcs/sources_1/new/adder9.sv" Line 4. Module full_adder doesn't have a timescale but at least one module in design has a timescale.
WARNING: [XSIM 43-4099] "C:/Users/ryani/ECE385/lab_4/lab_4.srcs/sources_1/new/adder9.sv" Line 4. Module full_adder doesn't have a timescale but at least one module in design has a timescale.
WARNING: [XSIM 43-4099] "C:/Users/ryani/ECE385/lab_4/lab_4.srcs/sources_1/new/adder9.sv" Line 4. Module full_adder doesn't have a timescale but at least one module in design has a timescale.
WARNING: [XSIM 43-4099] "C:/Users/ryani/ECE385/lab_4/lab_4.srcs/sources_1/new/adder9.sv" Line 4. Module full_adder doesn't have a timescale but at least one module in design has a timescale.
WARNING: [XSIM 43-4099] "C:/Users/ryani/ECE385/lab_4/lab_4.srcs/sources_1/new/adder9.sv" Line 14. Module adder9 doesn't have a timescale but at least one module in design has a timescale.
WARNING: [XSIM 43-4099] "C:/Users/ryani/ECE385/lab_4/lab_4.srcs/sources_1/new/adder9.sv" Line 4. Module full_adder doesn't have a timescale but at least one module in design has a timescale.
WARNING: [XSIM 43-4099] "C:/Users/ryani/ECE385/lab_4/lab_4.srcs/sources_1/new/adder9.sv" Line 4. Module full_adder doesn't have a timescale but at least one module in design has a timescale.
WARNING: [XSIM 43-4099] "C:/Users/ryani/ECE385/lab_4/lab_4.srcs/sources_1/new/adder9.sv" Line 4. Module full_adder doesn't have a timescale but at least one module in design has a timescale.
WARNING: [XSIM 43-4099] "C:/Users/ryani/ECE385/lab_4/lab_4.srcs/sources_1/new/adder9.sv" Line 4. Module full_adder doesn't have a timescale but at least one module in design has a timescale.
WARNING: [XSIM 43-4099] "C:/Users/ryani/ECE385/lab_4/lab_4.srcs/sources_1/new/adder9.sv" Line 4. Module full_adder doesn't have a timescale but at least one module in design has a timescale.
WARNING: [XSIM 43-4099] "C:/Users/ryani/ECE385/lab_4/lab_4.srcs/sources_1/new/adder9.sv" Line 4. Module full_adder doesn't have a timescale but at least one module in design has a timescale.
WARNING: [XSIM 43-4099] "C:/Users/ryani/ECE385/lab_4/lab_4.srcs/sources_1/new/adder9.sv" Line 4. Module full_adder doesn't have a timescale but at least one module in design has a timescale.
WARNING: [XSIM 43-4099] "C:/Users/ryani/ECE385/lab_4/lab_4.srcs/sources_1/new/adder9.sv" Line 4. Module full_adder doesn't have a timescale but at least one module in design has a timescale.
WARNING: [XSIM 43-4099] "C:/Users/ryani/ECE385/lab_4/lab_4.srcs/sources_1/new/adder9.sv" Line 4. Module full_adder doesn't have a timescale but at least one module in design has a timescale.
WARNING: [XSIM 43-4099] "C:/Users/ryani/ECE385/lab_4/lab_4.srcs/sources_1/new/control.sv" Line 1. Module control doesn't have a timescale but at least one module in design has a timescale.
WARNING: [XSIM 43-4099] "C:/Users/ryani/ECE385/lab_4/lab_4.srcs/sources_1/new/HexDriver.sv" Line 1. Module HexDriver_default doesn't have a timescale but at least one module in design has a timescale.
WARNING: [XSIM 43-4099] "C:/Users/ryani/ECE385/lab_4/lab_4.srcs/sources_1/new/HexDriver.sv" Line 11. Module nibble_to_hex doesn't have a timescale but at least one module in design has a timescale.
WARNING: [XSIM 43-4099] "C:/Users/ryani/ECE385/lab_4/lab_4.srcs/sources_1/new/HexDriver.sv" Line 11. Module nibble_to_hex doesn't have a timescale but at least one module in design has a timescale.
WARNING: [XSIM 43-4099] "C:/Users/ryani/ECE385/lab_4/lab_4.srcs/sources_1/new/HexDriver.sv" Line 11. Module nibble_to_hex doesn't have a timescale but at least one module in design has a timescale.
WARNING: [XSIM 43-4099] "C:/Users/ryani/ECE385/lab_4/lab_4.srcs/sources_1/new/HexDriver.sv" Line 11. Module nibble_to_hex doesn't have a timescale but at least one module in design has a timescale.
WARNING: [XSIM 43-4099] "C:/Users/ryani/ECE385/lab_4/lab_4.srcs/sources_1/new/Synchronizers.sv" Line 13. Module sync_debounce doesn't have a timescale but at least one module in design has a timescale.
WARNING: [XSIM 43-4099] "C:/Users/ryani/ECE385/lab_4/lab_4.srcs/sources_1/new/Synchronizers.sv" Line 13. Module sync_debounce doesn't have a timescale but at least one module in design has a timescale.
WARNING: [XSIM 43-4099] "C:/Users/ryani/ECE385/lab_4/lab_4.srcs/sources_1/new/Synchronizers.sv" Line 13. Module sync_debounce doesn't have a timescale but at least one module in design has a timescale.
WARNING: [XSIM 43-4099] "C:/Users/ryani/ECE385/lab_4/lab_4.srcs/sources_1/new/Synchronizers.sv" Line 13. Module sync_debounce doesn't have a timescale but at least one module in design has a timescale.
WARNING: [XSIM 43-4099] "C:/Users/ryani/ECE385/lab_4/lab_4.srcs/sources_1/new/Synchronizers.sv" Line 13. Module sync_debounce doesn't have a timescale but at least one module in design has a timescale.
WARNING: [XSIM 43-4099] "C:/Users/ryani/ECE385/lab_4/lab_4.srcs/sources_1/new/Synchronizers.sv" Line 13. Module sync_debounce doesn't have a timescale but at least one module in design has a timescale.
WARNING: [XSIM 43-4099] "C:/Users/ryani/ECE385/lab_4/lab_4.srcs/sources_1/new/Synchronizers.sv" Line 13. Module sync_debounce doesn't have a timescale but at least one module in design has a timescale.
WARNING: [XSIM 43-4099] "C:/Users/ryani/ECE385/lab_4/lab_4.srcs/sources_1/new/Synchronizers.sv" Line 13. Module sync_debounce doesn't have a timescale but at least one module in design has a timescale.
WARNING: [XSIM 43-4099] "C:/Users/ryani/ECE385/lab_4/lab_4.srcs/sources_1/new/Synchronizers.sv" Line 13. Module sync_debounce doesn't have a timescale but at least one module in design has a timescale.
WARNING: [XSIM 43-4099] "C:/Users/ryani/ECE385/lab_4/lab_4.srcs/sources_1/new/Synchronizers.sv" Line 13. Module sync_debounce doesn't have a timescale but at least one module in design has a timescale.
WARNING: [XSIM 43-4099] "C:/Users/ryani/ECE385/lab_4/lab_4.srcs/sources_1/new/adder9.sv" Line 14. Module adder9 doesn't have a timescale but at least one module in design has a timescale.
WARNING: [XSIM 43-4099] "C:/Users/ryani/ECE385/lab_4/lab_4.srcs/sources_1/new/adder9.sv" Line 4. Module full_adder doesn't have a timescale but at least one module in design has a timescale.
WARNING: [XSIM 43-4099] "C:/Users/ryani/ECE385/lab_4/lab_4.srcs/sources_1/new/adder9.sv" Line 4. Module full_adder doesn't have a timescale but at least one module in design has a timescale.
WARNING: [XSIM 43-4099] "C:/Users/ryani/ECE385/lab_4/lab_4.srcs/sources_1/new/adder9.sv" Line 4. Module full_adder doesn't have a timescale but at least one module in design has a timescale.
WARNING: [XSIM 43-4099] "C:/Users/ryani/ECE385/lab_4/lab_4.srcs/sources_1/new/adder9.sv" Line 4. Module full_adder doesn't have a timescale but at least one module in design has a timescale.
WARNING: [XSIM 43-4099] "C:/Users/ryani/ECE385/lab_4/lab_4.srcs/sources_1/new/adder9.sv" Line 4. Module full_adder doesn't have a timescale but at least one module in design has a timescale.
WARNING: [XSIM 43-4099] "C:/Users/ryani/ECE385/lab_4/lab_4.srcs/sources_1/new/adder9.sv" Line 4. Module full_adder doesn't have a timescale but at least one module in design has a timescale.
WARNING: [XSIM 43-4099] "C:/Users/ryani/ECE385/lab_4/lab_4.srcs/sources_1/new/adder9.sv" Line 4. Module full_adder doesn't have a timescale but at least one module in design has a timescale.
WARNING: [XSIM 43-4099] "C:/Users/ryani/ECE385/lab_4/lab_4.srcs/sources_1/new/adder9.sv" Line 4. Module full_adder doesn't have a timescale but at least one module in design has a timescale.
WARNING: [XSIM 43-4099] "C:/Users/ryani/ECE385/lab_4/lab_4.srcs/sources_1/new/adder9.sv" Line 4. Module full_adder doesn't have a timescale but at least one module in design has a timescale.
WARNING: [XSIM 43-4099] "C:/Users/ryani/ECE385/lab_4/lab_4.srcs/sources_1/new/adder9.sv" Line 14. Module adder9 doesn't have a timescale but at least one module in design has a timescale.
WARNING: [XSIM 43-4099] "C:/Users/ryani/ECE385/lab_4/lab_4.srcs/sources_1/new/adder9.sv" Line 4. Module full_adder doesn't have a timescale but at least one module in design has a timescale.
WARNING: [XSIM 43-4099] "C:/Users/ryani/ECE385/lab_4/lab_4.srcs/sources_1/new/adder9.sv" Line 4. Module full_adder doesn't have a timescale but at least one module in design has a timescale.
WARNING: [XSIM 43-4099] "C:/Users/ryani/ECE385/lab_4/lab_4.srcs/sources_1/new/adder9.sv" Line 4. Module full_adder doesn't have a timescale but at least one module in design has a timescale.
WARNING: [XSIM 43-4099] "C:/Users/ryani/ECE385/lab_4/lab_4.srcs/sources_1/new/adder9.sv" Line 4. Module full_adder doesn't have a timescale but at least one module in design has a timescale.
WARNING: [XSIM 43-4099] "C:/Users/ryani/ECE385/lab_4/lab_4.srcs/sources_1/new/adder9.sv" Line 4. Module full_adder doesn't have a timescale but at least one module in design has a timescale.
WARNING: [XSIM 43-4099] "C:/Users/ryani/ECE385/lab_4/lab_4.srcs/sources_1/new/adder9.sv" Line 4. Module full_adder doesn't have a timescale but at least one module in design has a timescale.
WARNING: [XSIM 43-4099] "C:/Users/ryani/ECE385/lab_4/lab_4.srcs/sources_1/new/adder9.sv" Line 4. Module full_adder doesn't have a timescale but at least one module in design has a timescale.
WARNING: [XSIM 43-4099] "C:/Users/ryani/ECE385/lab_4/lab_4.srcs/sources_1/new/adder9.sv" Line 4. Module full_adder doesn't have a timescale but at least one module in design has a timescale.
WARNING: [XSIM 43-4099] "C:/Users/ryani/ECE385/lab_4/lab_4.srcs/sources_1/new/adder9.sv" Line 4. Module full_adder doesn't have a timescale but at least one module in design has a timescale.
WARNING: [XSIM 43-4099] "C:/Users/ryani/ECE385/lab_4/lab_4.srcs/sources_1/new/control.sv" Line 1. Module control doesn't have a timescale but at least one module in design has a timescale.
WARNING: [XSIM 43-4099] "C:/Users/ryani/ECE385/lab_4/lab_4.srcs/sources_1/new/HexDriver.sv" Line 1. Module HexDriver_default doesn't have a timescale but at least one module in design has a timescale.
WARNING: [XSIM 43-4099] "C:/Users/ryani/ECE385/lab_4/lab_4.srcs/sources_1/new/HexDriver.sv" Line 11. Module nibble_to_hex doesn't have a timescale but at least one module in design has a timescale.
WARNING: [XSIM 43-4099] "C:/Users/ryani/ECE385/lab_4/lab_4.srcs/sources_1/new/HexDriver.sv" Line 11. Module nibble_to_hex doesn't have a timescale but at least one module in design has a timescale.
WARNING: [XSIM 43-4099] "C:/Users/ryani/ECE385/lab_4/lab_4.srcs/sources_1/new/HexDriver.sv" Line 11. Module nibble_to_hex doesn't have a timescale but at least one module in design has a timescale.
WARNING: [XSIM 43-4099] "C:/Users/ryani/ECE385/lab_4/lab_4.srcs/sources_1/new/HexDriver.sv" Line 11. Module nibble_to_hex doesn't have a timescale but at least one module in design has a timescale.
WARNING: [XSIM 43-4099] "C:/Users/ryani/ECE385/lab_4/lab_4.srcs/sources_1/new/HexDriver.sv" Line 11. Module nibble_to_hex doesn't have a timescale but at least one module in design has a timescale.
WARNING: [XSIM 43-4099] "C:/Users/ryani/ECE385/lab_4/lab_4.srcs/sources_1/new/Synchronizers.sv" Line 13. Module sync_debounce doesn't have a timescale but at least one module in design has a timescale.
WARNING: [XSIM 43-4099] "C:/Users/ryani/ECE385/lab_4/lab_4.srcs/sources_1/new/Synchronizers.sv" Line 13. Module sync_debounce doesn't have a timescale but at least one module in design has a timescale.
WARNING: [XSIM 43-4099] "C:/Users/ryani/ECE385/lab_4/lab_4.srcs/sources_1/new/Synchronizers.sv" Line 13. Module sync_debounce doesn't have a timescale but at least one module in design has a timescale.
WARNING: [XSIM 43-4099] "C:/Users/ryani/ECE385/lab_4/lab_4.srcs/sources_1/new/Synchronizers.sv" Line 13. Module sync_debounce doesn't have a timescale but at least one module in design has a timescale.
WARNING: [XSIM 43-4099] "C:/Users/ryani/ECE385/lab_4/lab_4.srcs/sources_1/new/Synchronizers.sv" Line 13. Module sync_debounce doesn't have a timescale but at least one module in design has a timescale.
WARNING: [XSIM 43-4099] "C:/Users/ryani/ECE385/lab_4/lab_4.srcs/sources_1/new/Synchronizers.sv" Line 13. Module sync_debounce doesn't have a timescale but at least one module in design has a timescale.
WARNING: [XSIM 43-4099] "C:/Users/ryani/ECE385/lab_4/lab_4.srcs/sources_1/new/Synchronizers.sv" Line 13. Module sync_debounce doesn't have a timescale but at least one module in design has a timescale.
WARNING: [XSIM 43-4099] "C:/Users/ryani/ECE385/lab_4/lab_4.srcs/sources_1/new/Synchronizers.sv" Line 13. Module sync_debounce doesn't have a timescale but at least one module in design has a timescale.
WARNING: [XSIM 43-4099] "C:/Users/ryani/ECE385/lab_4/lab_4.srcs/sources_1/new/Synchronizers.sv" Line 13. Module sync_debounce doesn't have a timescale but at least one module in design has a timescale.
WARNING: [XSIM 43-4099] "C:/Users/ryani/ECE385/lab_4/lab_4.srcs/sources_1/new/Synchronizers.sv" Line 13. Module sync_debounce doesn't have a timescale but at least one module in design has a timescale.
Completed simulation data flow analysis
Time Resolution for simulation is 1ps
Compiling package xil_defaultlib.$unit_HexDriver_sv_3799922933
Compiling module xil_defaultlib.reset
Compiling module xil_defaultlib.full_adder
Compiling module xil_defaultlib.adder9
Compiling module xil_defaultlib.shift
Compiling module xil_defaultlib.control
Compiling module xil_defaultlib.nibble_to_hex
Compiling module xil_defaultlib.HexDriver_default
Compiling module xil_defaultlib.sync_debounce
Compiling module xil_defaultlib.multiplier_default
Compiling module xil_defaultlib.testbench8
Compiling module xil_defaultlib.glbl
Built simulation snapshot testbench8_behav
